// Jest Snapshot v1, https://goo.gl/fbAQLP

exports[`Item renders 1`] = `ShallowWrapper {}`;
